// Jest Snapshot v1, https://goo.gl/fbAQLP

exports[`/api/code/highlight should highlight the code 1`] = `
"<span class="hljs-keyword">class</span> <span class="hljs-title class_">A</span> {
        <span class="hljs-title function_">constructor</span>(<span class="hljs-params"></span>) {}
      }"
`;
