// Jest Snapshot v1, https://goo.gl/fbAQLP

exports[`/api/code/format should format XML code 1`] = `
"<button appTooltip="Hello from string">Tooltip as string</button>

<svg [appTooltip]="templateForTooltip">
  <!-- ... -->
</svg>
<ng-template #templateForTooltip> <strong>Hello</strong> from template </ng-template>
"
`;

exports[`/api/code/format should format angular component 1`] = `
"import { Component } from '@angular/core';
import { of, combineLatest, map } from 'rxjs';

@Component({
  template: \` <ng-container *ngIf="show$ | async"> ... </ng-container> \`,
})
export class ExampleComponent {
  private pet$ = of(true);
  private cat$ = of(false);

  show$ = combineLatest([this.pet$, this.cat$]).pipe(map(([pet, cat]) => pet && !cat));
}
"
`;

exports[`/api/code/format should format typescript code 1`] = `
"class A {
  constructor() {}
}
"
`;
